---
source: tests/integration_tests/parsing_tests.rs
expression: utxos
---
{
  "items": []
}
