---
source: tests/integration_tests/e2e_tests.rs
expression: utxos
---
{
  "context": {
    "slot": 0
  },
  "value": {
    "items": []
  }
}
