---
source: tests/integration_tests/e2e_tests.rs
expression: validity_proof
---
{
  "compressedProof": {
    "a": [],
    "b": [],
    "c": []
  },
  "roots": [
    "HscaujxE2kLS7pAYL3pNziJEsQmMVkYhNqj8hNBommE",
    "HscaujxE2kLS7pAYL3pNziJEsQmMVkYhNqj8hNBommE"
  ],
  "rootIndices": [
    7,
    7
  ],
  "leafIndices": [
    5,
    4
  ],
  "leaves": [
    "viWgYSEkYMKzWPpdaHUi92bezKgK5nCcNoXGormrNFN",
    "3YzsxMin1Dyjj4BevRUX9tcp7XJEJaXk5cM7CnHuKJxn"
  ],
  "merkleTrees": [
    "5bdFnXU47QjzGpzHfXnxcEi5WXyxzEAZzd1vrE39bf1W",
    "5bdFnXU47QjzGpzHfXnxcEi5WXyxzEAZzd1vrE39bf1W"
  ]
}
