---
source: tests/integration_tests/e2e_tests.rs
expression: validity_proof
---
{
  "compressedProof": {
    "a": [],
    "b": [],
    "c": []
  },
  "roots": [
    "HscaujxE2kLS7pAYL3pNziJEsQmMVkYhNqj8hNBommE",
    "HscaujxE2kLS7pAYL3pNziJEsQmMVkYhNqj8hNBommE"
  ],
  "rootIndices": [
    7,
    7
  ],
  "leafIndices": [
    3,
    6
  ],
  "leaves": [
    "2kQ8YtyQwKVJkwepnWEKGJLTNp89VcVGFj2VpxaSAfot",
    "2uSnD5swaYewEshv4YJdQJpQauciUqCAzMeeFmAQZ5Kk"
  ],
  "merkleTrees": [
    "5bdFnXU47QjzGpzHfXnxcEi5WXyxzEAZzd1vrE39bf1W",
    "5bdFnXU47QjzGpzHfXnxcEi5WXyxzEAZzd1vrE39bf1W"
  ]
}
